=== tool_short w=32
╭─ signet ─────────────────────╮
│ ⌁ Read  internal/tui/app.  ✓ │
│   package tui                │
╰──────────────────────────────╯
=== tool_short w=41
╭─ signet ──────────────────────────────╮
│ ⌁ Read  internal/tui/app.go         ✓ │
│   1 package tui                       │
╰───────────────────────────────────────╯
=== tool_short w=53
╭─ signet ──────────────────────────────────────────╮
│ ⌁ Read  internal/tui/app.go                     ✓ │
│   1 package tui                                   │
╰───────────────────────────────────────────────────╯
=== tool_short w=60
╭─ signet ─────────────────────────────────────────────────╮
│ ⌁ Read  internal/tui/app.go                            ✓ │
│   1 package tui                                          │
╰──────────────────────────────────────────────────────────╯
=== tool_short w=80
╭─ signet ─────────────────────────────────────────────────────────────────────╮
│ ⌁ Read  internal/tui/app.go                                                ✓ │
│   1 package tui                                                              │
╰──────────────────────────────────────────────────────────────────────────────╯
=== tool_short w=120
╭─ signet ─────────────────────────────────────────────────────────────────────────────────────────────────────────────╮
│ ⌁ Read  internal/tui/app.go                                                                                        ✓ │
│   1 package tui                                                                                                      │
╰──────────────────────────────────────────────────────────────────────────────────────────────────────────────────────╯
=== tool_wrapping w=32
╭─ signet ─────────────────────╮
│ ⌁ Bash  go build ./...     ✓ │
│   a single very long line of │
│   output that has to wrap    │
│   several times before it    │
│   runs out of things to say  │
╰──────────────────────────────╯
=== tool_wrapping w=41
╭─ signet ──────────────────────────────╮
│ ⌁ Bash  go build ./...              ✓ │
│   a single very long line of output   │
│   that has to wrap several times      │
│   before it runs out of things to say │
╰───────────────────────────────────────╯
=== tool_wrapping w=53
╭─ signet ──────────────────────────────────────────╮
│ ⌁ Bash  go build ./...                          ✓ │
│   a single very long line of output that has to   │
│   wrap several times before it runs out of things │
│   to say                                          │
╰───────────────────────────────────────────────────╯
=== tool_wrapping w=60
╭─ signet ─────────────────────────────────────────────────╮
│ ⌁ Bash  go build ./...                                 ✓ │
│   a single very long line of output that has to wrap     │
│   several times before it runs out of things to say      │
╰──────────────────────────────────────────────────────────╯
=== tool_wrapping w=80
╭─ signet ─────────────────────────────────────────────────────────────────────╮
│ ⌁ Bash  go build ./...                                                     ✓ │
│   a single very long line of output that has to wrap several times before it │
│   runs out of things to say                                                  │
╰──────────────────────────────────────────────────────────────────────────────╯
=== tool_wrapping w=120
╭─ signet ─────────────────────────────────────────────────────────────────────────────────────────────────────────────╮
│ ⌁ Bash  go build ./...                                                                                             ✓ │
│   a single very long line of output that has to wrap several times before it runs out of things to say               │
╰──────────────────────────────────────────────────────────────────────────────────────────────────────────────────────╯
=== tool_error w=32
╭─ signet ─────────────────────╮
│ ⌁ Bash  go test ./...      ✗ │
│   FAIL                       │
│   github.com/vulnetix/signet │
│   /internal/run    0.2s      │
│   exit status 1              │
╰──────────────────────────────╯
=== tool_error w=41
╭─ signet ──────────────────────────────╮
│ ⌁ Bash  go test ./...               ✗ │
│   FAIL                                │
│   github.com/vulnetix/signet/internal │
│   /run    0.2s                        │
│   exit status 1                       │
╰───────────────────────────────────────╯
=== tool_error w=53
╭─ signet ──────────────────────────────────────────╮
│ ⌁ Bash  go test ./...                           ✗ │
│   FAIL    github.com/vulnetix/signet/internal/run │
│   0.2s                                            │
│   exit status 1                                   │
╰───────────────────────────────────────────────────╯
=== tool_error w=60
╭─ signet ─────────────────────────────────────────────────╮
│ ⌁ Bash  go test ./...                                  ✗ │
│   FAIL    github.com/vulnetix/signet/internal/run        │
│   0.2s                                                   │
│   exit status 1                                          │
╰──────────────────────────────────────────────────────────╯
=== tool_error w=80
╭─ signet ─────────────────────────────────────────────────────────────────────╮
│ ⌁ Bash  go test ./...                                                      ✗ │
│   FAIL    github.com/vulnetix/signet/internal/run    0.2s                    │
│   exit status 1                                                              │
╰──────────────────────────────────────────────────────────────────────────────╯
=== tool_error w=120
╭─ signet ─────────────────────────────────────────────────────────────────────────────────────────────────────────────╮
│ ⌁ Bash  go test ./...                                                                                              ✗ │
│   FAIL    github.com/vulnetix/signet/internal/run    0.2s                                                            │
│   exit status 1                                                                                                      │
╰──────────────────────────────────────────────────────────────────────────────────────────────────────────────────────╯
=== tool_collapsed_marker w=32
╭─ signet ─────────────────────╮
│ ⌁ Bash  ls -la             ✓ │
│   … 2 earlier lines          │
│   third                      │
│   fourth                     │
│   fifth                      │
╰──────────────────────────────╯
=== tool_collapsed_marker w=41
╭─ signet ──────────────────────────────╮
│ ⌁ Bash  ls -la                      ✓ │
│   … 2 earlier lines                   │
│   third                               │
│   fourth                              │
│   fifth                               │
╰───────────────────────────────────────╯
=== tool_collapsed_marker w=53
╭─ signet ──────────────────────────────────────────╮
│ ⌁ Bash  ls -la                                  ✓ │
│   … 2 earlier lines                               │
│   third                                           │
│   fourth                                          │
│   fifth                                           │
╰───────────────────────────────────────────────────╯
=== tool_collapsed_marker w=60
╭─ signet ─────────────────────────────────────────────────╮
│ ⌁ Bash  ls -la                                         ✓ │
│   … 2 earlier lines                                      │
│   third                                                  │
│   fourth                                                 │
│   fifth                                                  │
╰──────────────────────────────────────────────────────────╯
=== tool_collapsed_marker w=80
╭─ signet ─────────────────────────────────────────────────────────────────────╮
│ ⌁ Bash  ls -la                                                             ✓ │
│   … 2 earlier lines                                                          │
│   third                                                                      │
│   fourth                                                                     │
│   fifth                                                                      │
╰──────────────────────────────────────────────────────────────────────────────╯
=== tool_collapsed_marker w=120
╭─ signet ─────────────────────────────────────────────────────────────────────────────────────────────────────────────╮
│ ⌁ Bash  ls -la                                                                                                     ✓ │
│   … 2 earlier lines                                                                                                  │
│   third                                                                                                              │
│   fourth                                                                                                             │
│   fifth                                                                                                              │
╰──────────────────────────────────────────────────────────────────────────────────────────────────────────────────────╯
=== tool_expanded w=32
╭─ signet ─────────────────────╮
│ ⌁ Bash  ls -la             ✓ │
│   first                      │
│   second                     │
│   third                      │
│   fourth                     │
│   fifth                      │
╰──────────────────────────────╯
=== tool_expanded w=41
╭─ signet ──────────────────────────────╮
│ ⌁ Bash  ls -la                      ✓ │
│   first                               │
│   second                              │
│   third                               │
│   fourth                              │
│   fifth                               │
╰───────────────────────────────────────╯
=== tool_expanded w=53
╭─ signet ──────────────────────────────────────────╮
│ ⌁ Bash  ls -la                                  ✓ │
│   first                                           │
│   second                                          │
│   third                                           │
│   fourth                                          │
│   fifth                                           │
╰───────────────────────────────────────────────────╯
=== tool_expanded w=60
╭─ signet ─────────────────────────────────────────────────╮
│ ⌁ Bash  ls -la                                         ✓ │
│   first                                                  │
│   second                                                 │
│   third                                                  │
│   fourth                                                 │
│   fifth                                                  │
╰──────────────────────────────────────────────────────────╯
=== tool_expanded w=80
╭─ signet ─────────────────────────────────────────────────────────────────────╮
│ ⌁ Bash  ls -la                                                             ✓ │
│   first                                                                      │
│   second                                                                     │
│   third                                                                      │
│   fourth                                                                     │
│   fifth                                                                      │
╰──────────────────────────────────────────────────────────────────────────────╯
=== tool_expanded w=120
╭─ signet ─────────────────────────────────────────────────────────────────────────────────────────────────────────────╮
│ ⌁ Bash  ls -la                                                                                                     ✓ │
│   first                                                                                                              │
│   second                                                                                                             │
│   third                                                                                                              │
│   fourth                                                                                                             │
│   fifth                                                                                                              │
╰──────────────────────────────────────────────────────────────────────────────────────────────────────────────────────╯
=== tool_blank_interior_line w=32
╭─ signet ─────────────────────╮
│ ⌁ Bash  cat notes          ✓ │
│   head                       │
│                              │
│   tail                       │
╰──────────────────────────────╯
=== tool_blank_interior_line w=41
╭─ signet ──────────────────────────────╮
│ ⌁ Bash  cat notes                   ✓ │
│   head                                │
│                                       │
│   tail                                │
╰───────────────────────────────────────╯
=== tool_blank_interior_line w=53
╭─ signet ──────────────────────────────────────────╮
│ ⌁ Bash  cat notes                               ✓ │
│   head                                            │
│                                                   │
│   tail                                            │
╰───────────────────────────────────────────────────╯
=== tool_blank_interior_line w=60
╭─ signet ─────────────────────────────────────────────────╮
│ ⌁ Bash  cat notes                                      ✓ │
│   head                                                   │
│                                                          │
│   tail                                                   │
╰──────────────────────────────────────────────────────────╯
=== tool_blank_interior_line w=80
╭─ signet ─────────────────────────────────────────────────────────────────────╮
│ ⌁ Bash  cat notes                                                          ✓ │
│   head                                                                       │
│                                                                              │
│   tail                                                                       │
╰──────────────────────────────────────────────────────────────────────────────╯
=== tool_blank_interior_line w=120
╭─ signet ─────────────────────────────────────────────────────────────────────────────────────────────────────────────╮
│ ⌁ Bash  cat notes                                                                                                  ✓ │
│   head                                                                                                               │
│                                                                                                                      │
│   tail                                                                                                               │
╰──────────────────────────────────────────────────────────────────────────────────────────────────────────────────────╯
=== tool_withheld w=32
╭─ signet ─────────────────────╮
│ ⌁ WebFetch  https:  withheld │
│   tool result withheld:      │
│   provider error             │
│   … 1 more lines             │
╰──────────────────────────────╯
=== tool_withheld w=41
╭─ signet ──────────────────────────────╮
│ ⌁ WebFetch  https://example  withheld │
│   tool result withheld: provider      │
│   error  … 1 more lines               │
╰───────────────────────────────────────╯
=== tool_withheld w=53
╭─ signet ──────────────────────────────────────────╮
│ ⌁ WebFetch  https://example.com          withheld │
│   tool result withheld: provider error            │
│   … 1 more lines                                  │
╰───────────────────────────────────────────────────╯
=== tool_withheld w=60
╭─ signet ─────────────────────────────────────────────────╮
│ ⌁ WebFetch  https://example.com                 withheld │
│   tool result withheld: provider error  … 1 more lines   │
╰──────────────────────────────────────────────────────────╯
=== tool_withheld w=80
╭─ signet ─────────────────────────────────────────────────────────────────────╮
│ ⌁ WebFetch  https://example.com                                     withheld │
│   tool result withheld: provider error  … 1 more lines                       │
╰──────────────────────────────────────────────────────────────────────────────╯
=== tool_withheld w=120
╭─ signet ─────────────────────────────────────────────────────────────────────────────────────────────────────────────╮
│ ⌁ WebFetch  https://example.com                                                                             withheld │
│   tool result withheld: provider error  … 1 more lines                                                               │
╰──────────────────────────────────────────────────────────────────────────────────────────────────────────────────────╯
=== system_short w=32
╭─ signet ─────────────────────╮
│ · retrying (2/3) after 800ms │
│   — rate limited             │
╰──────────────────────────────╯
=== system_short w=41
╭─ signet ──────────────────────────────╮
│ · retrying (2/3) after 800ms — rate   │
│   limited                             │
╰───────────────────────────────────────╯
=== system_short w=53
╭─ signet ──────────────────────────────────────────╮
│ · retrying (2/3) after 800ms — rate limited       │
╰───────────────────────────────────────────────────╯
=== system_short w=60
╭─ signet ─────────────────────────────────────────────────╮
│ · retrying (2/3) after 800ms — rate limited              │
╰──────────────────────────────────────────────────────────╯
=== system_short w=80
╭─ signet ─────────────────────────────────────────────────────────────────────╮
│ · retrying (2/3) after 800ms — rate limited                                  │
╰──────────────────────────────────────────────────────────────────────────────╯
=== system_short w=120
╭─ signet ─────────────────────────────────────────────────────────────────────────────────────────────────────────────╮
│ · retrying (2/3) after 800ms — rate limited                                                                          │
╰──────────────────────────────────────────────────────────────────────────────────────────────────────────────────────╯
=== system_wrapping w=32
╭─ signet ─────────────────────╮
│ · a system notice long       │
│   enough that it has to wrap │
│   onto a second and probably │
│   a third line at narrow     │
│   widths                     │
╰──────────────────────────────╯
=== system_wrapping w=41
╭─ signet ──────────────────────────────╮
│ · a system notice long enough that it │
│   has to wrap onto a second and       │
│   probably a third line at narrow     │
│   widths                              │
╰───────────────────────────────────────╯
=== system_wrapping w=53
╭─ signet ──────────────────────────────────────────╮
│ · a system notice long enough that it has to wrap │
│   onto a second and probably a third line at      │
│   narrow widths                                   │
╰───────────────────────────────────────────────────╯
=== system_wrapping w=60
╭─ signet ─────────────────────────────────────────────────╮
│ · a system notice long enough that it has to wrap onto a │
│   second and probably a third line at narrow widths      │
╰──────────────────────────────────────────────────────────╯
=== system_wrapping w=80
╭─ signet ─────────────────────────────────────────────────────────────────────╮
│ · a system notice long enough that it has to wrap onto a second and probably │
│   a third line at narrow widths                                              │
╰──────────────────────────────────────────────────────────────────────────────╯
=== system_wrapping w=120
╭─ signet ─────────────────────────────────────────────────────────────────────────────────────────────────────────────╮
│ · a system notice long enough that it has to wrap onto a second and probably a third line at narrow widths           │
╰──────────────────────────────────────────────────────────────────────────────────────────────────────────────────────╯
=== assistant_markdown w=32
╭─ model ──────────────────────╮
│ Title                        │
│ • one                        │
│ • two                        │
│ ┌─┬─┐                        │
│ … 5 more lines               │
╰──────────────────────────────╯
=== assistant_markdown w=41
╭─ model ───────────────────────────────╮
│ Title                                 │
│ • one                                 │
│ • two                                 │
│ ┌─┬─┐                                 │
│ … 5 more lines                        │
╰───────────────────────────────────────╯
=== assistant_markdown w=53
╭─ model ───────────────────────────────────────────╮
│ Title                                             │
│ • one                                             │
│ • two                                             │
│ ┌─┬─┐                                             │
│ … 5 more lines                                    │
╰───────────────────────────────────────────────────╯
=== assistant_markdown w=60
╭─ model ──────────────────────────────────────────────────╮
│ Title                                                    │
│ • one                                                    │
│ • two                                                    │
│ ┌─┬─┐                                                    │
│ … 5 more lines                                           │
╰──────────────────────────────────────────────────────────╯
=== assistant_markdown w=80
╭─ model ──────────────────────────────────────────────────────────────────────╮
│ Title                                                                        │
│ • one                                                                        │
│ • two                                                                        │
│ ┌─┬─┐                                                                        │
│ … 5 more lines                                                               │
╰──────────────────────────────────────────────────────────────────────────────╯
=== assistant_markdown w=120
╭─ model ──────────────────────────────────────────────────────────────────────────────────────────────────────────────╮
│ Title                                                                                                                │
│ • one                                                                                                                │
│ • two                                                                                                                │
│ ┌─┬─┐                                                                                                                │
│ … 5 more lines                                                                                                       │
╰──────────────────────────────────────────────────────────────────────────────────────────────────────────────────────╯
=== signet_group w=32
╭─ signet ─────────────────────╮
│ · first notice               │
│ · second notice              │
│ · third notice               │
╰──────────────────────────────╯
=== signet_group w=41
╭─ signet ──────────────────────────────╮
│ · first notice                        │
│ · second notice                       │
│ · third notice                        │
╰───────────────────────────────────────╯
=== signet_group w=53
╭─ signet ──────────────────────────────────────────╮
│ · first notice                                    │
│ · second notice                                   │
│ · third notice                                    │
╰───────────────────────────────────────────────────╯
=== signet_group w=60
╭─ signet ─────────────────────────────────────────────────╮
│ · first notice                                           │
│ · second notice                                          │
│ · third notice                                           │
╰──────────────────────────────────────────────────────────╯
=== signet_group w=80
╭─ signet ─────────────────────────────────────────────────────────────────────╮
│ · first notice                                                               │
│ · second notice                                                              │
│ · third notice                                                               │
╰──────────────────────────────────────────────────────────────────────────────╯
=== signet_group w=120
╭─ signet ─────────────────────────────────────────────────────────────────────────────────────────────────────────────╮
│ · first notice                                                                                                       │
│ · second notice                                                                                                      │
│ · third notice                                                                                                       │
╰──────────────────────────────────────────────────────────────────────────────────────────────────────────────────────╯
=== mixed w=32
╭─ user prompt ────────────────╮
│ fix the failing test in the  │
│ wire package                 │
╰──────────────────────────────╯

╭─ model ──────────────────────╮
│ Plan                         │
│ reproduce the failure first: │
│ 1. patch                     │
│ 2. verify                    │
│ … 4 more lines               │
╰──────────────────────────────╯

╭─ model · reasoning ──────────╮
│ thinking about the root      │
│ cause here                   │
╰──────────────────────────────╯

╭─ signet ─────────────────────╮
│ ⌁ Bash  go test ./  withheld │
│   … 1 earlier lines          │
│   second line                │
│   third line                 │
│   fourth line                │
│ · retrying (2/3) after 800ms │
│   — rate limited             │
│ · switched provider to mock  │
╰──────────────────────────────╯
=== mixed w=41
╭─ user prompt ─────────────────────────╮
│ fix the failing test in the wire      │
│ package                               │
╰───────────────────────────────────────╯

╭─ model ───────────────────────────────╮
│ Plan                                  │
│ reproduce the failure first:          │
│ 1. patch                              │
│ 2. verify                             │
│ … 4 more lines                        │
╰───────────────────────────────────────╯

╭─ model · reasoning ───────────────────╮
│ thinking about the root cause here    │
╰───────────────────────────────────────╯

╭─ signet ──────────────────────────────╮
│ ⌁ Bash  go test ./...        withheld │
│   … 1 earlier lines                   │
│   second line                         │
│   third line                          │
│   fourth line                         │
│ · retrying (2/3) after 800ms — rate   │
│   limited                             │
│ · switched provider to mock           │
╰───────────────────────────────────────╯
=== mixed w=53
╭─ user prompt ─────────────────────────────────────╮
│ fix the failing test in the wire package          │
╰───────────────────────────────────────────────────╯

╭─ model ───────────────────────────────────────────╮
│ Plan                                              │
│ reproduce the failure first:                      │
│ 1. patch                                          │
│ 2. verify                                         │
│ … 4 more lines                                    │
╰───────────────────────────────────────────────────╯

╭─ model · reasoning ───────────────────────────────╮
│ thinking about the root cause here                │
╰───────────────────────────────────────────────────╯

╭─ signet ──────────────────────────────────────────╮
│ ⌁ Bash  go test ./...                    withheld │
│   … 1 earlier lines                               │
│   second line                                     │
│   third line                                      │
│   fourth line                                     │
│ · retrying (2/3) after 800ms — rate limited       │
│ · switched provider to mock                       │
╰───────────────────────────────────────────────────╯
=== mixed w=60
╭─ user prompt ────────────────────────────────────────────╮
│ fix the failing test in the wire package                 │
╰──────────────────────────────────────────────────────────╯

╭─ model ──────────────────────────────────────────────────╮
│ Plan                                                     │
│ reproduce the failure first:                             │
│ 1. patch                                                 │
│ 2. verify                                                │
│ … 4 more lines                                           │
╰──────────────────────────────────────────────────────────╯

╭─ model · reasoning ──────────────────────────────────────╮
│ thinking about the root cause here                       │
╰──────────────────────────────────────────────────────────╯

╭─ signet ─────────────────────────────────────────────────╮
│ ⌁ Bash  go test ./...                           withheld │
│   … 1 earlier lines                                      │
│   second line                                            │
│   third line                                             │
│   fourth line                                            │
│ · retrying (2/3) after 800ms — rate limited              │
│ · switched provider to mock                              │
╰──────────────────────────────────────────────────────────╯
=== mixed w=80
╭─ user prompt ────────────────────────────────────────────────────────────────╮
│ fix the failing test in the wire package                                     │
╰──────────────────────────────────────────────────────────────────────────────╯

╭─ model ──────────────────────────────────────────────────────────────────────╮
│ Plan                                                                         │
│ reproduce the failure first:                                                 │
│ 1. patch                                                                     │
│ 2. verify                                                                    │
│ … 4 more lines                                                               │
╰──────────────────────────────────────────────────────────────────────────────╯

╭─ model · reasoning ──────────────────────────────────────────────────────────╮
│ thinking about the root cause here                                           │
╰──────────────────────────────────────────────────────────────────────────────╯

╭─ signet ─────────────────────────────────────────────────────────────────────╮
│ ⌁ Bash  go test ./...                                               withheld │
│   … 1 earlier lines                                                          │
│   second line                                                                │
│   third line                                                                 │
│   fourth line                                                                │
│ · retrying (2/3) after 800ms — rate limited                                  │
│ · switched provider to mock                                                  │
╰──────────────────────────────────────────────────────────────────────────────╯
=== mixed w=120
╭─ user prompt ────────────────────────────────────────────────────────────────────────────────────────────────────────╮
│ fix the failing test in the wire package                                                                             │
╰──────────────────────────────────────────────────────────────────────────────────────────────────────────────────────╯

╭─ model ──────────────────────────────────────────────────────────────────────────────────────────────────────────────╮
│ Plan                                                                                                                 │
│ reproduce the failure first:                                                                                         │
│ 1. patch                                                                                                             │
│ 2. verify                                                                                                            │
│ … 4 more lines                                                                                                       │
╰──────────────────────────────────────────────────────────────────────────────────────────────────────────────────────╯

╭─ model · reasoning ──────────────────────────────────────────────────────────────────────────────────────────────────╮
│ thinking about the root cause here                                                                                   │
╰──────────────────────────────────────────────────────────────────────────────────────────────────────────────────────╯

╭─ signet ─────────────────────────────────────────────────────────────────────────────────────────────────────────────╮
│ ⌁ Bash  go test ./...                                                                                       withheld │
│   … 1 earlier lines                                                                                                  │
│   second line                                                                                                        │
│   third line                                                                                                         │
│   fourth line                                                                                                        │
│ · retrying (2/3) after 800ms — rate limited                                                                          │
│ · switched provider to mock                                                                                          │
╰──────────────────────────────────────────────────────────────────────────────────────────────────────────────────────╯
