[ activity ]  subagents  processes  git                  tab switch · f9 close
▸ !go test ./...  done
  vulnetix bom  done
  vulnetix scan  done
↑↓ select  ·  ⏎ send output  ·  v view  ·  x kill  ·  t triage  ·  esc unfocus
──────────────────────────────────────────────────────────────────────────────
